2024-02-26 17:02:51.904 21697-21697 ViewRootIm...IVESWITCH] com.raisin.app                       I  Relayout returned: old=(0,81,1080,2196) new=(27,861,1053,1415) req=(1026,554)0 dur=4 res=0x403 s={true 0xb400007b3d5d6000} ch=true seqId=0
2024-02-26 17:02:51.904 21697-21697 ViewRootIm...IVESWITCH] com.raisin.app                       I  performConfigurationChange setNightDimText nightDimLevel=0
2024-02-26 17:02:51.905 21697-21697 ViewRootIm...IVESWITCH] com.raisin.app                       D  mThreadedRenderer.initialize() mSurface={isValid=true 0xb400007b3d5d6000} hwInitialized=true
2024-02-26 17:02:51.906 21697-21697 ScrollView              com.raisin.app                       D   onsize change changed 
2024-02-26 17:02:51.906 21697-21697 ScrollView              com.raisin.app                       D   onsize change changed 
2024-02-26 17:02:51.906 21697-21697 ViewRootIm...IVESWITCH] com.raisin.app                       D  reportNextDraw android.view.ViewRootImpl.performTraversals:4658 android.view.ViewRootImpl.doTraversal:3239 android.view.ViewRootImpl$TraversalRunnable.run:11197 android.view.Choreographer$CallbackRecord.run:1650 android.view.Choreographer$CallbackRecord.run:1659 
2024-02-26 17:02:51.907 21697-21697 ViewRootIm...IVESWITCH] com.raisin.app                       D  Setup new sync=wmsSync-ViewRootImpl@ee29c90[Activities_VideoLiveStreamActivity_LIVESWITCH]#12
2024-02-26 17:02:51.907 21697-21697 ViewRootIm...IVESWITCH] com.raisin.app                       D  Creating new active sync group ViewRootImpl@ee29c90[Activities_VideoLiveStreamActivity_LIVESWITCH]#13
2024-02-26 17:02:51.907 21697-21697 ViewRootIm...IVESWITCH] com.raisin.app                       D  registerCallbacksForSync syncBuffer=false
2024-02-26 17:02:51.909 21697-21794 ViewRootIm...IVESWITCH] com.raisin.app                       D  Received frameDrawingCallback syncResult=0 frameNum=1.
2024-02-26 17:02:51.909 21697-21794 ViewRootIm...IVESWITCH] com.raisin.app                       I  mWNT: t=0xb400007c34737400 mBlastBufferQueue=0xb400007c32b57d00 fn= 1 caller= android.view.ViewRootImpl$8.onFrameDraw:13614 android.view.ThreadedRenderer$1.onFrameDraw:788 <bottom of call stack> 
2024-02-26 17:02:51.909 21697-21794 ViewRootIm...IVESWITCH] com.raisin.app                       D  Setting up sync and frameCommitCallback
2024-02-26 17:02:51.910 21697-21772 BLASTBufferQueue        com.raisin.app                       I  [ViewRootImpl@ee29c90[Activities_VideoLiveStreamActivity_LIVESWITCH]#5](f:0,a:0,s:0) onFrameAvailable the first frame is available
2024-02-26 17:02:51.911 21697-21772 ViewRootIm...IVESWITCH] com.raisin.app                       D  Received frameCommittedCallback lastAttemptedDrawFrameNum=1 didProduceBuffer=true
2024-02-26 17:02:51.911 21697-21772 OpenGLRenderer          com.raisin.app                       D  CFMS:: SetUp Pid : 21697    Tid : 21772
2024-02-26 17:02:51.911 21697-21697 ViewRootIm...IVESWITCH] com.raisin.app                       D  reportDrawFinished
2024-02-26 17:02:51.922 21697-21697 SurfaceView@67a15c5     com.raisin.app                       I  onWindowVisibilityChanged(0) true android.view.SurfaceView{67a15c5 VFE...... ......I. 0,0-0,0 #7f09043a app:id/surfaceview_takePhoto} of ViewRootImpl@bad21cb[Activities_VideoLiveStreamActivity_LIVESWITCH]
2024-02-26 17:02:51.922 21697-21697 SurfaceView@67a15c5     com.raisin.app                       D  108664261 updateSurface: has no frame
2024-02-26 17:02:51.923 21697-21697 AnimatorSet             com.raisin.app                       D  mReversing is false. Don't call initChildren.
2024-02-26 17:02:51.925 21697-21697 AnimatorSet             com.raisin.app                       D  mReversing is false. Don't call initChildren.
2024-02-26 17:02:51.925 21697-21697 AnimatorSet             com.raisin.app                       D  mReversing is false. Don't call initChildren.
2024-02-26 17:02:51.925 21697-21697 AnimatorSet             com.raisin.app                       D  mReversing is false. Don't call initChildren.
2024-02-26 17:02:51.926 21697-21697 AnimatorSet             com.raisin.app                       D  mReversing is false. Don't call initChildren.
2024-02-26 17:02:51.928 21697-21697 Compatibil...geReporter com.raisin.app                       D  Compat change id reported: 193247900; UID 10324; state: ENABLED
2024-02-26 17:02:51.928 21697-21697 AnimatorSet             com.raisin.app                       D  mReversing is false. Don't call initChildren.
2024-02-26 17:02:51.929 21697-21697 AnimatorSet             com.raisin.app                       D  mReversing is false. Don't call initChildren.
2024-02-26 17:02:51.929 21697-21697 AnimatorSet             com.raisin.app                       D  mReversing is false. Don't call initChildren.
2024-02-26 17:02:51.930 21697-21697 AnimatorSet             com.raisin.app                       D  mReversing is false. Don't call initChildren.
2024-02-26 17:02:51.931 21697-21697 AutofillManager         com.raisin.app                       D  view not autofillable - not passing ime action check
2024-02-26 17:02:51.933 21697-21697 AnimatorSet             com.raisin.app                       D  mReversing is false. Don't call initChildren.
2024-02-26 17:02:51.951 21697-21697 InsetsController        com.raisin.app                       D  onStateChanged: host=com.raisin.app/de.idnow.sdk.Activities.Activities_VideoLiveStreamActivity_LIVESWITCH from=android.view.ViewRootImpl.relayoutWindow:9940 state=InsetsState: {mDisplayFrame=Rect(0, 0 - 1080, 2340), mDisplayCutout=DisplayCutout{insets=Rect(0, 81 - 0, 0) waterfall=Insets{left=0, top=0, right=0, bottom=0} boundingRect={Bounds=[Rect(0, 0 - 0, 0), Rect(512, 0 - 568, 81), Rect(0, 0 - 0, 0), Rect(0, 0 - 0, 0)]} cutoutPathParserInfo={CutoutPathParserInfo{displayWidth=1080 displayHeight=2340 physicalDisplayWidth=1080 physicalDisplayHeight=2340 density={3.0} cutoutSpec={M 0,0 H -9.333333333333333‬ V 27 H 9.333333333333333‬ V 0 H 0 Z @dp} rotation={0} scale={1.0} physicalPixelDisplaySizeRatio={1.0}}}}, mRoundedCorners=RoundedCorners{[RoundedCorner{position=TopLeft, radius=102, center=Point(102, 102)}, RoundedCorner{position=TopRight, radius=102, center=Point(978, 102)}, RoundedCorner{position=BottomRight, radius=102, center=Point(978, 2238)}, RoundedCorner{position=BottomLeft, radius=102, center=Point(102, 2238)}]}  mRoundedCornerFrame=Rect(0, 0 - 1080, 2340), mPrivacyIndicatorBounds=PrivacyIndicatorBounds {static bounds=Rect(948, 0 - 1080, 81) rotation=0}, mDisplayShape=DisplayShape{ spec=-1084927657 displayWidth=1080 displayHeight=2340 physicalPixelDisplaySizeRatio=1.0 rotation=0 offsetX=0 offsetY=0 scale=1.0}, mSources= { InsetsSource: {3 mType=ime mFrame=[0,0][0,0] mVisible=false mFlags=[]}, InsetsSource: {27 mType=displayCutout mFrame=[0,0][1080,81] mVisible=true mFlags=[]}, InsetsSource: {16ce0001 mType=navigationBars mFrame=[0,2196][1080,2340] mVisible=true mFlags=[]}, InsetsSource: {16ce0004 mType=systemGestures mFrame=[0,0][0,0] mVisible=true mFlags=[]}, InsetsSource: {16ce0005 mType=mandatorySystemGestures mFrame=[0,2196][1080,2340] mVisible=true mFlags=[]}, InsetsSource: {16ce0006 mType=tappableElement mFrame=[0,2196][1080,2340] mVisible=true mFlags=[]}, InsetsSource: {16ce0024 mType=systemGestures mFrame=[0,0][0,0] mVisible=true mFlags=[]}, InsetsSource: {650f0000 mType=statusBars mFrame=[0,0][1080,81] mVisible=true mFlags=[]}, InsetsSource: {650f0005 mType=mandatorySystemGestures mFrame=[0,0][1080,117] mVisible=true mFlags=[]}, InsetsSource: {650f0006 mType=tappableElement mFrame=[0,0][1080,81] mVisible=true mFlags=[]} }
2024-02-26 17:02:51.951 21697-21697 BLASTBufferQueue_Java   com.raisin.app                       I  new BLASTBufferQueue, mName= ViewRootImpl@bad21cb[Activities_VideoLiveStreamActivity_LIVESWITCH] mNativeObject= 0xb400007c32b57700 sc.mNativeObject= 0xb400007c3295da00 caller= android.view.ViewRootImpl.updateBlastSurfaceIfNeeded:2979 android.view.ViewRootImpl.relayoutWindow:9998 android.view.ViewRootImpl.performTraversals:4056 android.view.ViewRootImpl.doTraversal:3239 android.view.ViewRootImpl$TraversalRunnable.run:11197 android.view.Choreographer$CallbackRecord.run:1650 android.view.Choreographer$CallbackRecord.run:1659 android.view.Choreographer.doCallbacks:1129 android.view.Choreographer.doFrame:1055 android.view.Choreographer$FrameDisplayEventReceiver.run:1622 
2024-02-26 17:02:51.952 21697-21697 BLASTBufferQueue_Java   com.raisin.app                       I  update, w= 1080 h= 2340 mName = ViewRootImpl@bad21cb[Activities_VideoLiveStreamActivity_LIVESWITCH] mNativeObject= 0xb400007c32b57700 sc.mNativeObject= 0xb400007c3295da00 format= -3 caller= android.graphics.BLASTBufferQueue.<init>:89 android.view.ViewRootImpl.updateBlastSurfaceIfNeeded:2979 android.view.ViewRootImpl.relayoutWindow:9998 android.view.ViewRootImpl.performTraversals:4056 android.view.ViewRootImpl.doTraversal:3239 android.view.ViewRootImpl$TraversalRunnable.run:11197 
2024-02-26 17:02:51.952 21697-21697 ViewRootIm...IVESWITCH] com.raisin.app                       I  Relayout returned: old=(0,0,1080,2340) new=(0,0,1080,2340) req=(1080,2340)0 dur=4 res=0x403 s={true 0xb400007b39409000} ch=true seqId=0
2024-02-26 17:02:51.952 21697-21697 ViewRootIm...IVESWITCH] com.raisin.app                       I  performConfigurationChange setNightDimText nightDimLevel=0
2024-02-26 17:02:51.953 21697-21697 ViewRootIm...IVESWITCH] com.raisin.app                       D  mThreadedRenderer.initialize() mSurface={isValid=true 0xb400007b39409000} hwInitialized=true
2024-02-26 17:02:51.959 21697-21697 SurfaceView@67a15c5     com.raisin.app                       D  108664261 updateSurface: has no frame
2024-02-26 17:02:51.962 21697-21697 SurfaceView@67a15c5     com.raisin.app                       I  windowStopped(false) true android.view.SurfaceView{67a15c5 VFE...... ......ID 0,0-1080,2115 #7f09043a app:id/surfaceview_takePhoto} of ViewRootImpl@bad21cb[Activities_VideoLiveStreamActivity_LIVESWITCH]
2024-02-26 17:02:51.962 21697-21697 SurfaceView@67a15c5     com.raisin.app                       D  108664261 updateSurface: has no frame
2024-02-26 17:02:51.962 21697-21697 ViewRootIm...IVESWITCH] com.raisin.app                       D  reportNextDraw android.view.ViewRootImpl.performTraversals:4658 android.view.ViewRootImpl.doTraversal:3239 android.view.ViewRootImpl$TraversalRunnable.run:11197 android.view.Choreographer$CallbackRecord.run:1650 android.view.Choreographer$CallbackRecord.run:1659 
2024-02-26 17:02:51.962 21697-21697 SurfaceView             com.raisin.app                       I  108664261 Changes: creating=true format=true size=true visible=true alpha=false hint=false visible=true left=true top=true z=false attached=true lifecycleStrategy=false
2024-02-26 17:02:51.964 21697-21697 BLASTBufferQueue_Java   com.raisin.app                       I  update, w= 1080 h= 2115 mName = null mNativeObject= 0xb400007c346cc700 sc.mNativeObject= 0xb400007c329d9fc0 format= 4 caller= android.view.SurfaceView.createBlastSurfaceControls:1511 android.view.SurfaceView.updateSurface:1187 android.view.SurfaceView.lambda$new$0:258 android.view.SurfaceView.$r8$lambda$cm3nmzErr-srXoT_KjIYQgdhFN0:0 android.view.SurfaceView$$ExternalSyntheticLambda2.onPreDraw:2 android.view.ViewTreeObserver.dispatchOnPreDraw:1204 
2024-02-26 17:02:51.964 21697-21697 SurfaceView@67a15c5     com.raisin.app                       I  108664261 Cur surface: Surface(name=null)/@0x62fde02
2024-02-26 17:02:51.964 21697-21697 SurfaceView@67a15c5     com.raisin.app                       I  pST: sr = Rect(0, 81 - 1080, 2196) sw = 1080 sh = 2115
2024-02-26 17:02:51.964 21697-21697 SurfaceView@67a15c5     com.raisin.app                       D  108664261 performSurfaceTransaction RenderWorker position = [0, 81, 1080, 2196] surfaceSize = 1080x2115
2024-02-26 17:02:51.964 21697-21697 SurfaceView@67a15c5     com.raisin.app                       I  updateSurface: mVisible = true mSurface.isValid() = true
2024-02-26 17:02:51.964 21697-21697 SurfaceView@67a15c5     com.raisin.app                       I  updateSurface: mSurfaceCreated = false surfaceChanged = true visibleChanged = true
2024-02-26 17:02:51.964 21697-21697 SurfaceView             com.raisin.app                       I  108664261 visibleChanged -- surfaceCreated
2024-02-26 17:02:51.964 21697-21697 SurfaceView@67a15c5     com.raisin.app                       I  surfaceCreated 1 #8 android.view.SurfaceView{67a15c5 VFE...... ......ID 0,0-1080,2115 #7f09043a app:id/surfaceview_takePhoto}
2024-02-26 17:02:51.966 21697-21697 CameraBase              com.raisin.app                       I  Connect camera (legacy API) - overrideToPortrait 0, forceSlowJpegMode 0
2024-02-26 17:02:51.990 21697-21697 IDNOW_LIVESTREAM        com.raisin.app                       I  surfaceview dimensions 1080:2115
2024-02-26 17:02:52.205 21697-21697 SurfaceView             com.raisin.app                       I  108664261 surfaceChanged -- format=4 w=1080 h=2115
2024-02-26 17:02:52.205 21697-21697 SurfaceView@67a15c5     com.raisin.app                       I  surfaceChanged (1080,2115) 1 #8 android.view.SurfaceView{67a15c5 VFE...... ......ID 0,0-1080,2115 #7f09043a app:id/surfaceview_takePhoto}
2024-02-26 17:02:52.205 21697-21697 SurfaceView             com.raisin.app                       I  108664261 surfaceRedrawNeeded
2024-02-26 17:02:52.206 21697-21697 SurfaceView             com.raisin.app                       I  108664261 finishedDrawing
2024-02-26 17:02:52.206 21697-21697 SurfaceView@67a15c5     com.raisin.app                       V  Layout: x=0 y=81 w=1080 h=2115, frame=Rect(0, 0 - 1080, 2115)
2024-02-26 17:02:52.213 21697-21697 ViewRootIm...IVESWITCH] com.raisin.app                       D  Setup new sync=wmsSync-ViewRootImpl@bad21cb[Activities_VideoLiveStreamActivity_LIVESWITCH]#15
2024-02-26 17:02:52.213 21697-21697 ViewRootIm...IVESWITCH] com.raisin.app                       D  Creating new active sync group ViewRootImpl@bad21cb[Activities_VideoLiveStreamActivity_LIVESWITCH]#16
2024-02-26 17:02:52.213 21697-21697 ViewRootIm...IVESWITCH] com.raisin.app                       D  registerCallbacksForSync syncBuffer=false
2024-02-26 17:02:52.216 21697-21772 SurfaceView             com.raisin.app                       D  108664261 updateSurfacePosition RenderWorker, frameNr = 1, position = [0, 81, 1080, 2196] surfaceSize = 1080x2115
2024-02-26 17:02:52.216 21697-21772 SurfaceView@67a15c5     com.raisin.app                       I  uSP: rtp = Rect(0, 81 - 1080, 2196) rtsw = 1080 rtsh = 2115
2024-02-26 17:02:52.216 21697-21772 SurfaceView@67a15c5     com.raisin.app                       I  onSSPAndSRT: pl = 0 pt = 81 sx = 1.0 sy = 1.0
2024-02-26 17:02:52.216 21697-21772 SurfaceView@67a15c5     com.raisin.app                       I  aOrMT: ViewRootImpl@bad21cb[Activities_VideoLiveStreamActivity_LIVESWITCH] t = android.view.SurfaceControl$Transaction@9062703 fN = 1 android.view.SurfaceView.-$$Nest$mapplyOrMergeTransaction:0 android.view.SurfaceView$SurfaceViewPositionUpdateListener.positionChanged:1660 android.graphics.RenderNode$CompositePositionUpdateListener.positionChanged:369 
2024-02-26 17:02:52.216 21697-21772 ViewRootIm...IVESWITCH] com.raisin.app                       I  mWNT: t=0xb400007c32cb6200 mBlastBufferQueue=0xb400007c32b57700 fn= 1 caller= android.view.SurfaceView.applyOrMergeTransaction:1592 android.view.SurfaceView.-$$Nest$mapplyOrMergeTransaction:0 android.view.SurfaceView$SurfaceViewPositionUpdateListener.positionChanged:1660 
2024-02-26 17:02:52.217 21697-21793 ViewRootIm...IVESWITCH] com.raisin.app                       D  Received frameDrawingCallback syncResult=0 frameNum=1.
2024-02-26 17:02:52.217 21697-21793 ViewRootIm...IVESWITCH] com.raisin.app                       I  mWNT: t=0xb400007c32cb7400 mBlastBufferQueue=0xb400007c32b57700 fn= 1 caller= android.view.ViewRootImpl$8.onFrameDraw:13614 android.view.ThreadedRenderer$1.onFrameDraw:788 <bottom of call stack> 
2024-02-26 17:02:52.217 21697-21793 ViewRootIm...IVESWITCH] com.raisin.app                       D  Setting up sync and frameCommitCallback
2024-02-26 17:02:52.220 21697-21772 BLASTBufferQueue        com.raisin.app                       I  [ViewRootImpl@bad21cb[Activities_VideoLiveStreamActivity_LIVESWITCH]#6](f:0,a:0,s:0) onFrameAvailable the first frame is available
2024-02-26 17:02:52.220 21697-21772 ViewRootIm...IVESWITCH] com.raisin.app                       D  Received frameCommittedCallback lastAttemptedDrawFrameNum=1 didProduceBuffer=true
2024-02-26 17:02:52.221 21697-21772 OpenGLRenderer          com.raisin.app                       D  CFMS:: SetUp Pid : 21697    Tid : 21772
2024-02-26 17:02:52.221 21697-21697 ViewRootIm...IVESWITCH] com.raisin.app                       D  reportDrawFinished
2024-02-26 17:02:52.229 21697-21719 OpenGLRenderer          com.raisin.app                       I  Davey! duration=843ms; Flags=1, FrameTimelineVsyncId=3826199, IntendedVsync=70633992674334, Vsync=70634493138024, InputEventId=0, HandleInputStart=70634509103834, AnimationStart=70634509107272, PerformTraversalsStart=70634509479928, DrawStart=70634829135917, FrameDeadline=70634009341000, FrameInterval=70634508946282, FrameStartTime=16682123, SyncQueued=70634831108782, SyncStart=70634831220709, IssueDrawCommandsStart=70634832339042, SwapBuffers=70634835402219, FrameCompleted=70634836779980, DequeueBufferDuration=331042, QueueBufferDuration=261719, GpuCompleted=70634836779980, SwapBuffersCompleted=70634836107272, DisplayPresentTime=0, CommandSubmissionCompleted=70634835402219, 
2024-02-26 17:02:52.229 21697-21719 OpenGLRenderer          com.raisin.app                       I  Davey! duration=846ms; Flags=1, FrameTimelineVsyncId=3826199, IntendedVsync=70633992674334, Vsync=70634493138024, InputEventId=0, HandleInputStart=70634509103834, AnimationStart=70634509107272, PerformTraversalsStart=70634509479928, DrawStart=70634837034772, FrameDeadline=70634025895825, FrameInterval=70634508946282, FrameStartTime=16682123, SyncQueued=70634837559876, SyncStart=70634837637740, IssueDrawCommandsStart=70634837670084, SwapBuffers=70634838116699, FrameCompleted=70634839027272, DequeueBufferDuration=7344, QueueBufferDuration=90677, GpuCompleted=70634839027272, SwapBuffersCompleted=70634838358157, DisplayPresentTime=70631840502532, CommandSubmissionCompleted=70634838116699, 
2024-02-26 17:02:52.231 21697-21697 Connecatio...Observable com.raisin.app                       D  notifying observers
2024-02-26 17:02:52.231 21697-21697 LiveStreamActivity      com.raisin.app                       D  update Observer
2024-02-26 17:02:52.231 21697-21697 WindowOnBackDispatcher  com.raisin.app                       W  sendCancelIfRunning: isInProgress=falsecallback=android.view.ViewRootImpl$$ExternalSyntheticLambda21@56a0fa7
2024-02-26 17:02:52.233 21697-21697 ViewRootIm...IVESWITCH] com.raisin.app                       I  dispatchDetachedFromWindow
2024-02-26 17:02:52.237 21697-21697 InputTransport          com.raisin.app                       D  Input channel destroyed: '949ce6c', fd=261
2024-02-26 17:02:52.238 21697-21697 LiveStreamActivity      com.raisin.app                       D  update Observer - wifi && connectionLossAlertDialog != null && connectionLossAlertDialog.isShowing()
2024-02-26 17:02:52.250 21697-21697 IDNOW_RESTCLIENT        com.raisin.app                       I   getRestClient()
2024-02-26 17:02:52.251 21697-21923 okhttp.OkHttpClient     com.raisin.app                       I  --> GET https://api.idnow.de/api/v1/weltsparen/identifications/ZBW-TALJU
2024-02-26 17:02:52.252 21697-21923 okhttp.OkHttpClient     com.raisin.app                       I  --> END GET
2024-02-26 17:02:52.253 21697-21923 IDNOW_RESTCLIENT        com.raisin.app                       I  SYSTEM-LANGUAGE: en
2024-02-26 17:02:52.260 21697-21697 ViewRootIm...lityCheck] com.raisin.app                       I  MSG_WINDOW_FOCUS_CHANGED 0 0
2024-02-26 17:02:52.267 21697-21697 ViewRootIm...IVESWITCH] com.raisin.app                       I  registerCallbackForPendingTransactions
2024-02-26 17:02:52.271 21697-21794 ViewRootIm...IVESWITCH] com.raisin.app                       I  mWNT: t=0xb400007b395b4800 mBlastBufferQueue=0xb400007c32b57700 fn= 2 caller= android.view.ViewRootImpl$6.onFrameDraw:5539 android.view.ViewRootImpl$2.onFrameDraw:2103 android.view.ThreadedRenderer$1.onFrameDraw:788 
2024-02-26 17:02:52.275 21697-21697 InsetsSourceConsumer    com.raisin.app                       D  applyRequestedVisibilityToControl: visible=true, type=1
2024-02-26 17:02:52.276 21697-21697 InsetsSourceConsumer    com.raisin.app                       D  applyRequestedVisibilityToControl: visible=true, type=2
2024-02-26 17:02:52.279 21697-21697 ViewRootIm...nActivity] com.raisin.app                       I  onDisplayChanged oldDisplayState=2 newDisplayState=2
2024-02-26 17:02:52.279 21697-21697 ViewRootIm...yActivity] com.raisin.app                       I  onDisplayChanged oldDisplayState=2 newDisplayState=2
2024-02-26 17:02:52.279 21697-21697 ViewRootIm...gActivity] com.raisin.app                       I  onDisplayChanged oldDisplayState=2 newDisplayState=2
2024-02-26 17:02:52.279 21697-21697 ViewRootIm...lityCheck] com.raisin.app                       I  onDisplayChanged oldDisplayState=2 newDisplayState=2
2024-02-26 17:02:52.279 21697-21697 ViewRootIm...IVESWITCH] com.raisin.app                       I  onDisplayChanged oldDisplayState=2 newDisplayState=2
2024-02-26 17:02:52.281 21697-21697 ViewRootIm...IVESWITCH] com.raisin.app                       I  MSG_WINDOW_FOCUS_CHANGED 1 0
2024-02-26 17:02:52.281 21697-21697 ViewRootIm...IVESWITCH] com.raisin.app                       D  mThreadedRenderer.initializeIfNeeded()#2 mSurface={isValid=true 0xb400007b39409000}
2024-02-26 17:02:52.281 21697-21697 IDNOW_RESTCLIENT        com.raisin.app                       I   getRestClient()
2024-02-26 17:02:52.284 21697-21916 okhttp.OkHttpClient     com.raisin.app                       I  --> POST https://api.idnow.de/api/v1/weltsparen/identifications/ZBW-TALJU/appEnteredForeground
2024-02-26 17:02:52.284 21697-21916 okhttp.OkHttpClient     com.raisin.app                       I  Content-Type: application/json; charset=UTF-8
2024-02-26 17:02:52.284 21697-21916 okhttp.OkHttpClient     com.raisin.app                       I  Content-Length: 2
2024-02-26 17:02:52.285 21697-21916 okhttp.OkHttpClient     com.raisin.app                       I  {}
2024-02-26 17:02:52.285 21697-21916 okhttp.OkHttpClient     com.raisin.app                       I  --> END POST (2-byte body)
2024-02-26 17:02:52.286 21697-21916 IDNOW_RESTCLIENT        com.raisin.app                       I  SYSTEM-LANGUAGE: en
2024-02-26 17:02:52.290 21697-21697 InputMethodManagerUtils com.raisin.app                       D  startInputInner - Id : 0
2024-02-26 17:02:52.290 21697-21697 InputMethodManager      com.raisin.app                       I  startInputInner - IInputMethodManagerGlobalInvoker.startInputOrWindowGainedFocus
2024-02-26 17:02:52.294 21697-21697 InsetsSourceConsumer    com.raisin.app                       D  applyRequestedVisibilityToControl: visible=false, type=8
2024-02-26 17:02:52.362 21697-21719 BLASTBufferQueue        com.raisin.app                       I  [SurfaceView[com.raisin.app/de.idnow.sdk.Activities.Activities_VideoLiveStreamActivity_LIVESWITCH]@0#7](f:0,a:0,s:0) onFrameAvailable the first frame is available
2024-02-26 17:02:52.366 21697-21916 okhttp.OkHttpClient     com.raisin.app                       I  <-- 200 OK https://api.idnow.de/api/v1/weltsparen/identifications/ZBW-TALJU/appEnteredForeground (81ms)
2024-02-26 17:02:52.366 21697-21916 okhttp.OkHttpClient     com.raisin.app                       I  vary: Origin,Accept-Encoding
2024-02-26 17:02:52.366 21697-21916 okhttp.OkHttpClient     com.raisin.app                       I  date: Mon, 26 Feb 2024 16:02:52 GMT
2024-02-26 17:02:52.366 21697-21916 okhttp.OkHttpClient     com.raisin.app                       I  content-type: text/plain; charset=UTF-8
2024-02-26 17:02:52.366 21697-21916 okhttp.OkHttpClient     com.raisin.app                       I  strict-transport-security: max-age=15552000
2024-02-26 17:02:52.367 21697-21916 okhttp.OkHttpClient     com.raisin.app                       I  {}
2024-02-26 17:02:52.367 21697-21916 okhttp.OkHttpClient     com.raisin.app                       I  <-- END HTTP (2-byte body)
2024-02-26 17:02:52.368 21697-21697 IDNOW_LIVESTREAM        com.raisin.app                       I  appEnteredBackground REST Call was successful
2024-02-26 17:02:52.412  2522-3034  WindowManager           system_server                        E  win=Window{949ce6c u0 com.raisin.app/de.idnow.sdk.Activities.Activities_VideoLiveStreamActivity_LIVESWITCH EXITING} destroySurfaces: appStopped=false cleanupOnResume=false win.mWindowRemovalAllowed=true win.mRemoveOnExit=true win.mViewVisibility=0 caller=com.android.server.wm.WindowState.onExitAnimationDone:5630 com.android.server.wm.WindowStateAnimator.onAnimationFinished:208 com.android.server.wm.WindowState.onAnimationFinished:5851 com.android.server.wm.WindowContainer$$ExternalSyntheticLambda4.onAnimationFinished:0 com.android.server.wm.SurfaceAnimator.lambda$getFinishedCallback$0:140 com.android.server.wm.SurfaceAnimator.$r8$lambda$eYT7rjaBOE8bCIRq043wVzQ_RTM:0 com.android.server.wm.SurfaceAnimator$$ExternalSyntheticLambda1.run:0 
2024-02-26 17:02:52.443 21697-21923 okhttp.OkHttpClient     com.raisin.app                       I  <-- 200 OK https://api.idnow.de/api/v1/weltsparen/identifications/ZBW-TALJU (191ms)
2024-02-26 17:02:52.443 21697-21923 okhttp.OkHttpClient     com.raisin.app                       I  vary: Origin,Accept-Encoding
2024-02-26 17:02:52.443 21697-21923 okhttp.OkHttpClient     com.raisin.app                       I  cache-control: no-cache, max-age=0, must-revalidate, no-store
2024-02-26 17:02:52.443 21697-21923 okhttp.OkHttpClient     com.raisin.app                       I  date: Mon, 26 Feb 2024 16:02:52 GMT
2024-02-26 17:02:52.443 21697-21923 okhttp.OkHttpClient     com.raisin.app                       I  content-type: application/json
2024-02-26 17:02:52.443 21697-21923 okhttp.OkHttpClient     com.raisin.app                       I  strict-transport-security: max-age=15552000
2024-02-26 17:02:52.444 21697-21923 okhttp.OkHttpClient     com.raisin.app                       I  {"token":"BAC_111_821_693_209-20231228165314608650","internalToken":"ZBW-TALJU","status":"STARTED","email":"adeem@live.com","mobile":"+4915143200991","preferredLang":null,"trackingId":null,"testRobotType":null,"testRobotName":null,"remainingInternalTokenRetries":null,"request":{"status":"STARTED","videoSession":"0e14e8d6-0000-4e7d-8020-b87cee53081e","videoserverHost":"videoserverls.host17.backend.idnow.de","icelinkVersion":"LIVESWITCH","userVideoSessionToken":"231d42d1-0eb2-48ed-ba6e-c0ac95fee44d","videoLogStatus":null,"positionInQueue":null,"videoserverUsed":"IDNOW","identificationRequestRiskIndicators":[],"estimatedWaitingTime":null},"waitingListNotified":false,"waitingListEnrolled":false,"showRatingOptions":false,"redirectUrl":null,"preEstablishVideoConnection":false,"settings":{"successURL":"https://weltsparen.de/idnowsuccess/","failureURL":"https://www.weltsparen.de/idnowfailure/","pendingURL":"https://weltsparen.de/idnowsuccess/","ios.successURL":"https://www.weltsparen.de/idnowsuccess","ios.failureURL":"https://www.weltsparen.de/idnowfailure","android.successURL":"https://www.weltsparen.de/idnowsuccess","android.failureURL":"https://www.weltsparen.de/idnowfailure"}}
2024-02-26 17:02:52.444 21697-21923 okhttp.OkHttpClient     com.raisin.app                       I  <-- END HTTP (1191-byte body)
2024-02-26 17:02:52.447 21697-21697 IDNOW_LIVESTREAM        com.raisin.app                       I  fetching waiting information successful
2024-02-26 17:02:52.448 21697-21697 IDNOW_LIVESTREAM        com.raisin.app                       I  positionInQueue: 0 - waitingTime: 0 - isPositionInitializedByResponse: false
2024-02-26 17:02:52.448 21697-21697 IDNOW_LIVESTREAM        com.raisin.app                       D  Waitingpos - updateWaitingInformation - update based on resultObject
2024-02-26 17:02:52.448 21697-21697 IDNOW_LIVESTREAM        com.raisin.app                       D  Waitingpos - updateWaitingInformation - skipping update as the response was not yet having proper value
2024-02-26 17:02:52.448 21697-21697 IDNOW_SDK_INIT          com.raisin.app                       D  return isForcedWaitingList
2024-02-26 17:02:52.665 21697-21697 ViewRootIm...lityCheck] com.raisin.app                       I  handleAppVisibility mAppVisible = true visible = false
2024-02-26 17:02:52.676 21697-21697 ViewRootIm...lityCheck] com.raisin.app                       I  Relayout returned: old=(0,0,1080,2340) new=(0,0,1080,2340) req=(1080,2340)8 dur=3 res=0x402 s={false 0x0} ch=true seqId=0
2024-02-26 17:02:52.679 21697-21697 ViewRootIm...lityCheck] com.raisin.app                       I  stopped(true) old = false
2024-02-26 17:02:52.679 21697-21697 ViewRootIm...lityCheck] com.raisin.app                       D  WindowStopped on com.raisin.app/de.idnow.sdk.Activities.Activities_VideoLiveStreamActivity_CallQualityCheck set to true
2024-02-26 17:02:52.685 21697-21697 WindowOnBackDispatcher  com.raisin.app                       W  sendCancelIfRunning: isInProgress=falsecallback=android.view.ViewRootImpl$$ExternalSyntheticLambda21@6877ac2
2024-02-26 17:02:52.689 21697-21697 ViewRootIm...lityCheck] com.raisin.app                       I  dispatchDetachedFromWindow
2024-02-26 17:02:52.690 21697-21697 InputTransport          com.raisin.app                       D  Input channel destroyed: 'ea71250', fd=175
2024-02-26 17:02:52.693 21697-21697 ViewRootIm...nActivity] com.raisin.app                       I  onDisplayChanged oldDisplayState=2 newDisplayState=2
2024-02-26 17:02:52.693 21697-21697 ViewRootIm...yActivity] com.raisin.app                       I  onDisplayChanged oldDisplayState=2 newDisplayState=2
2024-02-26 17:02:52.693 21697-21697 ViewRootIm...gActivity] com.raisin.app                       I  onDisplayChanged oldDisplayState=2 newDisplayState=2
2024-02-26 17:02:52.694 21697-21697 ViewRootIm...IVESWITCH] com.raisin.app                       I  onDisplayChanged oldDisplayState=2 newDisplayState=2
2024-02-26 17:02:53.941 21697-22201 TrafficStats            com.raisin.app                       D  tagSocket(136) with statsTag=0xffffffff, statsUid=-1
2024-02-26 17:02:55.243 21697-21697 InsetsSourceConsumer    com.raisin.app                       D  applyRequestedVisibilityToControl: visible=true, type=1